O
S-V
S-A1
B-A0
E-A0
B-A1
E-A1
B-AM-LOC
I-AM-LOC
E-AM-LOC
I-A1
I-A0
S-AM-MNR
B-A2
I-A2
E-A2
S-A0
S-A3
B-AM-MNR
I-AM-MNR
E-AM-MNR
B-AM-TMP
E-AM-TMP
B-A4
I-A4
E-A4
B-A3
I-A3
E-A3
S-AM-NEG
S-AM-MOD
I-AM-TMP
S-R-A0
S-AM-DIS
S-AM-EXT
S-AM-TMP
S-AM-ADV
B-AM-ADV
I-AM-ADV
E-AM-ADV
B-AM-PNC
I-AM-PNC
E-AM-PNC
B-AM-DIS
E-AM-DIS
S-R-A1
B-C-A1
I-C-A1
E-C-A1
S-A2
S-R-AM-TMP
B-V
E-V
S-C-V
B-AM-DIR
I-AM-DIR
E-AM-DIR
S-R-A2
B-AM-PRD
I-AM-PRD
E-AM-PRD
B-R-A2
E-R-A2
S-R-AM-PNC
B-C-AM-MNR
I-C-AM-MNR
E-C-AM-MNR
B-R-AM-TMP
E-R-AM-TMP
S-AM-CAU
S-AM-LOC
S-C-A1
S-AM-DIR
S-R-A3
S-R-AM-MNR
B-AM-CAU
I-AM-CAU
E-AM-CAU
B-AM-EXT
I-AM-EXT
E-AM-EXT
S-A4
B-C-A4
I-C-A4
E-C-A4
I-AM-DIS
B-R-A1
I-R-A1
E-R-A1
S-R-AM-LOC
B-R-A0
I-R-A0
E-R-A0
B-C-A0
I-C-A0
E-C-A0
B-C-A2
I-C-A2
E-C-A2
S-C-A2
B-R-AM-EXT
E-R-AM-EXT
S-A5
B-R-AM-MNR
E-R-AM-MNR
I-R-A2
B-C-AM-LOC
E-C-AM-LOC
B-R-AM-LOC
E-R-AM-LOC
I-C-AM-LOC
B-C-A3
I-C-A3
E-C-A3
B-AM-NEG
E-AM-NEG
S-R-AM-CAU
S-AM-PRD
S-R-A4
I-R-AM-MNR
B-C-AM-ADV
I-C-AM-ADV
E-C-AM-ADV
B-R-AM-ADV
E-R-AM-ADV
B-R-A3
E-R-A3
S-AM-REC
B-AM-TM
I-AM-TM
E-AM-TM
B-AM
I-AM
E-AM
B-C-A5
I-C-A5
E-C-A5
B-C-AM-TMP
I-C-AM-TMP
E-C-AM-TMP
B-AA
I-AA
E-AA
S-C-A0
S-R-AA
I-R-AM-ADV
S-R-AM-EXT
S-AA
B-A5
E-A5
B-AM-MOD
I-AM-MOD
E-AM-MOD
S-AM-PNC
I-R-AM-TMP
S-C-AM-EXT
I-AM-NEG
B-AM-REC
E-AM-REC
S-C-AM-NEG
B-C-AM-EXT
I-C-AM-EXT
E-C-AM-EXT
I-A5
B-C-V
I-C-V
E-C-V
S-C-AM-DIS
B-C-AM-DIS
I-C-AM-DIS
E-C-AM-DIS
B-C-AM-CAU
I-C-AM-CAU
E-C-AM-CAU
B-R-AM-PNC
E-R-AM-PNC
B-R-AM-DIR
E-R-AM-DIR
I-V
B-C-AM-DIR
E-C-AM-DIR
B-C-AM-PNC
I-C-AM-PNC
E-C-AM-PNC
B-R-A4
E-R-A4
PADDING
UNAVAILABLE
